// Jest Snapshot v1, https://goo.gl/fbAQLP

exports[`Vue2 hCaptcha component renders correctly 1`] = `
<div
  id="hcap-script"
/>
`;
